// Vitest Snapshot v1, https://vitest.dev/guide/snapshot.html

exports[`Button snapshot 1`] = `
<div>
  <header
    class="styles_header__641t010"
  >
    <div
      class="styles_logo__641t011"
    >
      <img
        src="/images//LogoH.svg"
      />
    </div>
    <nav
      class="styles_headerMenu__641t012"
    >
      <ul
        class="styles_menu__641t013"
      >
        <li>
          <a
            class="styles_menuItem__641t014"
            data-discover="true"
            href="/"
          >
            利用規約
          </a>
        </li>
      </ul>
    </nav>
  </header>
</div>
`;
